// Jest Snapshot v1, https://goo.gl/fbAQLP

exports[`ClubList component should render snapshot 1`] = `
<div
  className="container"
>
  <div
    className="row"
  >
    <div
      className="row col-md-12"
    />
  </div>
</div>
`;
