// Jest Snapshot v1, https://goo.gl/fbAQLP

exports[`ClubData component should render snapshot 1`] = `
<div
  className="container club-data"
>
  <div
    className="row"
  >
    <div
      className="col-md-9"
    />
    <div
      className="my-4 col-md-3 Scrollable "
    />
  </div>
</div>
`;
