// Jest Snapshot v1, https://goo.gl/fbAQLP

exports[`ClubCard component should render snapshot 1`] = `
<div
  className="col-sm-9 my-4"
/>
`;
