// Jest Snapshot v1, https://goo.gl/fbAQLP

exports[`Search component should render snapshot 1`] = `
<div
  className="mt-4"
/>
`;
